
══════════════════════════════════════════════════════
SESSION START  2026-05-28 15:05:11.163  pid=20944
══════════════════════════════════════════════════════
[15:05:11.164] #0001 T001 [CBM] ConnectBranchesManually entered
[15:05:16.061] #0002 T001 [CBM] selection OK count=4 — opening transaction
[15:05:16.080] #0003 T001 [CBM] mains=1 branches=0 feeds=1
[15:05:16.120] #0004 T001 [CBM] work resolved count=4 zones=1
[15:05:16.121] #0005 T001 [CBM] EraseExistingBranchConnections start
[15:05:16.148] #0006 T001 [CBM] EraseExistingBranchConnections done erased=6 orphaned=4
[15:05:16.155] #0007 T001 [CBM] main draw loop start groups=2
[15:05:16.157] #0008 T001 [CBM] bucket #1 size=2
[15:05:16.157] #0009 T001 [CBM] bucket #1 multi-head path start
[15:05:16.160] #0010 T001 [CBM] bucket #1 hop-routing start hopCount=2
[15:05:16.161] #0011 T001 [CBM]   hop 1 TrySelectBestValidatedOrthogonalPath start
[15:05:16.168] #0012 T001 [CBM]   hop 1 route OK verts=2
[15:05:16.168] #0013 T001 [CBM]   hop 2 TrySelectBestValidatedOrthogonalPath start
[15:05:16.169] #0014 T001 [CBM]   hop 2 route OK verts=2
[15:05:16.169] #0015 T001 [CBM] bucket #1 hop-routing done failed=False legs=2
[15:05:16.170] #0016 T001 [CBM] bucket #1 CollapseOrthogonalVertices
[15:05:16.170] #0017 T001 [CBM] bucket #1 ExistingBranchPolylineMatchesResolvedRoute start
[15:05:16.176] #0018 T001 [CBM] bucket #1 ExistingBranchPolylineMatchesResolvedRoute done isDup=False
[15:05:16.177] #0019 T001 [CBM] bucket #1 TryAppendSegmentPairsAlongPath start legs=2

══════════════════════════════════════════════════════
SESSION START  2026-05-28 15:14:34.238  pid=32828
══════════════════════════════════════════════════════
[15:14:34.239] #0001 T001 [CBM] ConnectBranchesManually entered
[15:14:38.059] #0002 T001 [CBM] selection OK count=4 — opening transaction
[15:14:38.077] #0003 T001 [CBM] mains=1 branches=0 feeds=1
[15:14:38.116] #0004 T001 [CBM] work resolved count=4 zones=1
[15:14:38.117] #0005 T001 [CBM] EraseExistingBranchConnections start
[15:14:38.146] #0006 T001 [CBM] EraseExistingBranchConnections done erased=6 orphaned=4
[15:14:38.154] #0007 T001 [CBM] main draw loop start groups=2
[15:14:38.155] #0008 T001 [CBM] bucket #1 size=2
[15:14:38.156] #0009 T001 [CBM] bucket #1 multi-head path start
[15:14:38.159] #0010 T001 [CBM] bucket #1 hop-routing start hopCount=2
[15:14:38.160] #0011 T001 [CBM]   hop 1 TrySelectBestValidatedOrthogonalPath start
[15:14:38.168] #0012 T001 [CBM]   hop 1 route OK verts=2
[15:14:38.168] #0013 T001 [CBM]   hop 2 TrySelectBestValidatedOrthogonalPath start
[15:14:38.169] #0014 T001 [CBM]   hop 2 route OK verts=2
[15:14:38.169] #0015 T001 [CBM] bucket #1 hop-routing done failed=False legs=2
[15:14:38.170] #0016 T001 [CBM] bucket #1 CollapseOrthogonalVertices
[15:14:38.170] #0017 T001 [CBM] bucket #1 ExistingBranchPolylineMatchesResolvedRoute start
[15:14:38.177] #0018 T001 [CBM] bucket #1 ExistingBranchPolylineMatchesResolvedRoute done isDup=False
[15:14:38.177] #0019 T001 [CBM] bucket #1 TryAppendSegmentPairsAlongPath start legs=2
[15:14:38.191] #0020 T001 [CBM] bucket #1 TryAppendSegmentPairsAlongPath done segs=2
[15:14:38.192] #0021 T001 [CBM] bucket #1 complete created=2
[15:14:38.193] #0022 T001 [CBM] bucket #2 size=2
[15:14:38.193] #0023 T001 [CBM] bucket #2 multi-head path start
[15:14:38.194] #0024 T001 [CBM] bucket #2 hop-routing start hopCount=2
[15:14:38.194] #0025 T001 [CBM]   hop 1 TrySelectBestValidatedOrthogonalPath start
[15:14:38.195] #0026 T001 [CBM]   hop 1 route OK verts=2
[15:14:38.195] #0027 T001 [CBM]   hop 2 TrySelectBestValidatedOrthogonalPath start
[15:14:38.195] #0028 T001 [CBM]   hop 2 route OK verts=2
[15:14:38.196] #0029 T001 [CBM] bucket #2 hop-routing done failed=False legs=2
[15:14:38.196] #0030 T001 [CBM] bucket #2 CollapseOrthogonalVertices
[15:14:38.197] #0031 T001 [CBM] bucket #2 ExistingBranchPolylineMatchesResolvedRoute start
[15:14:38.201] #0032 T001 [CBM] bucket #2 ExistingBranchPolylineMatchesResolvedRoute done isDup=False
[15:14:38.201] #0033 T001 [CBM] bucket #2 TryAppendSegmentPairsAlongPath start legs=2
[15:14:38.206] #0034 T001 [CBM] bucket #2 TryAppendSegmentPairsAlongPath done segs=2
[15:14:38.206] #0035 T001 [CBM] bucket #2 complete created=4
[15:14:38.207] #0036 T001 [CBM] main draw done created=4 — entering ReconnectOrphanAdjacentSegments
[15:14:38.209] #0037 T001 [Reconnect] enter manualWork=4
[15:14:38.211] #0038 T001 [Reconnect] processing zone=4EDCA chainAlongX=False bucket=2688263
[15:14:38.226] #0039 T001 [Reconnect] CollectSprinklersOnManualLine start
[15:14:38.231] #0040 T001 [Reconnect] CollectSprinklersOnManualLine done rowHeads=0
[15:14:38.231] #0041 T001 [Reconnect] processing zone=4EDCA chainAlongX=False bucket=2688253
[15:14:38.239] #0042 T001 [Reconnect] CollectSprinklersOnManualLine start
[15:14:38.242] #0043 T001 [Reconnect] CollectSprinklersOnManualLine done rowHeads=0
[15:14:38.243] #0044 T001 [Reconnect] return drawn=0
[15:14:38.244] #0045 T001 [CBM] ReconnectOrphanAdjacentSegments done reconnected=0
[15:14:38.248] #0046 T001 [CBM] transaction committed
[15:17:01.535] #0047 T001 [TryRouteMainPipeForZone] MainPipeRouting2d.TryRoute attempt strategy=center_l
[15:17:01.539] #0048 T001 [TryRoute] GetRingForPlanarClipping
[15:17:01.541] #0049 T001 [TryRoute] extent=97 duPerMeter=1 spacingDu=3 offsetDu=2
[15:17:01.541] #0050 T001 [TryRoute] sprinklersOverride count=1300
[15:17:01.544] #0051 T001 [TryRoute] strategy=sprinkler_driven initial horiz=True
[15:17:01.545] #0052 T001 [TryRoute] TryPickBestTrunkSegment start horizontal=True
[15:17:01.554] #0053 T001 [TryRoute] Orthogonal covering trunk unavailable — fallback to best-effort sprinkler-driven trunk.
[15:17:01.556] #0054 T001 [TryPickBestTrunkSegment] scanlines=31 sprinklers=1300
[15:17:01.558] #0055 T001 [TryPickBestTrunkSegment] scanlines=49 sprinklers=1300
[15:17:01.560] #0056 T001 [TryPickSprinklerDrivenTrunk] H=42747.8 V=69454.2 pick=H
[15:17:01.561] #0057 T001 [TryRoute] Trunk span does not cover all sprinklers — routing anyway.
[15:17:01.562] #0058 T001 [TryRoute] TryPickBestTrunkSegment done
[15:17:01.563] #0059 T001 [TryRoute] TryOrthogonalConnectInside start
[15:17:01.564] #0060 T001 [TryRoute] TryOrthogonalConnectInside done
[15:17:01.565] #0061 T001 [TryRouteMainPipeForZone] TryRoute succeeded (center_l), drawing entities
[15:17:01.576] #0062 T001 [TryRouteMainPipeForZone] entities committed, done
[15:18:45.411] #0063 T001 [PlaceReducers] command start log=C:\Users\admin\source\repos\autocad-final\autocad-final\bin\Debug\AgentDebug.log
[15:18:46.598] #0064 T001 [PlaceReducers] shaft selected id=(2149949061680)
[15:18:46.604] #0065 T001 [PlaceReducers] zone handle=4EDC2 ringVerts=5
[15:18:46.674] #0066 T001 [PlaceReducers] DONE: Reducers placed: 88.

══════════════════════════════════════════════════════
SESSION START  2026-05-28 15:26:55.172  pid=22224
══════════════════════════════════════════════════════
[15:26:55.174] #0001 T001 [CBM] ConnectBranchesManually entered
[15:27:00.990] #0002 T001 [CBM] selection OK count=4 — opening transaction
[15:27:01.008] #0003 T001 [CBM] mains=1 branches=0 feeds=1
[15:27:01.054] #0004 T001 [CBM] work resolved count=4 zones=1
[15:27:01.054] #0005 T001 [CBM] EraseExistingBranchConnections start
[15:27:01.083] #0006 T001 [CBM] EraseExistingBranchConnections done erased=6 orphaned=4
[15:27:01.091] #0007 T001 [CBM] main draw loop start groups=2
[15:27:01.092] #0008 T001 [CBM] bucket #1 size=2
[15:27:01.093] #0009 T001 [CBM] bucket #1 multi-head path start
[15:27:01.096] #0010 T001 [CBM] bucket #1 hop-routing start hopCount=2
[15:27:01.097] #0011 T001 [CBM]   hop 1 TrySelectBestValidatedOrthogonalPath start
[15:27:01.105] #0012 T001 [CBM]   hop 1 route OK verts=2
[15:27:01.106] #0013 T001 [CBM]   hop 2 TrySelectBestValidatedOrthogonalPath start
[15:27:01.106] #0014 T001 [CBM]   hop 2 route OK verts=2
[15:27:01.107] #0015 T001 [CBM] bucket #1 hop-routing done failed=False legs=2
[15:27:01.107] #0016 T001 [CBM] bucket #1 CollapseOrthogonalVertices
[15:27:01.107] #0017 T001 [CBM] bucket #1 ExistingBranchPolylineMatchesResolvedRoute start
[15:27:01.115] #0018 T001 [CBM] bucket #1 ExistingBranchPolylineMatchesResolvedRoute done isDup=False
[15:27:01.115] #0019 T001 [CBM] bucket #1 TryAppendSegmentPairsAlongPath start legs=2
[15:27:01.127] #0020 T001 [CBM] bucket #1 TryAppendSegmentPairsAlongPath done segs=2
[15:27:01.128] #0021 T001 [CBM] bucket #1 complete created=2
[15:27:01.128] #0022 T001 [CBM] bucket #2 size=2
[15:27:01.129] #0023 T001 [CBM] bucket #2 multi-head path start
[15:27:01.129] #0024 T001 [CBM] bucket #2 hop-routing start hopCount=2
[15:27:01.130] #0025 T001 [CBM]   hop 1 TrySelectBestValidatedOrthogonalPath start
[15:27:01.130] #0026 T001 [CBM]   hop 1 route OK verts=2
[15:27:01.131] #0027 T001 [CBM]   hop 2 TrySelectBestValidatedOrthogonalPath start
[15:27:01.131] #0028 T001 [CBM]   hop 2 route OK verts=2
[15:27:01.132] #0029 T001 [CBM] bucket #2 hop-routing done failed=False legs=2
[15:27:01.132] #0030 T001 [CBM] bucket #2 CollapseOrthogonalVertices
[15:27:01.133] #0031 T001 [CBM] bucket #2 ExistingBranchPolylineMatchesResolvedRoute start
[15:27:01.137] #0032 T001 [CBM] bucket #2 ExistingBranchPolylineMatchesResolvedRoute done isDup=False
[15:27:01.137] #0033 T001 [CBM] bucket #2 TryAppendSegmentPairsAlongPath start legs=2
[15:27:01.141] #0034 T001 [CBM] bucket #2 TryAppendSegmentPairsAlongPath done segs=2
[15:27:01.142] #0035 T001 [CBM] bucket #2 complete created=4
[15:27:01.142] #0036 T001 [CBM] main draw done created=4 — entering ReconnectOrphanAdjacentSegments
[15:27:01.145] #0037 T001 [Reconnect] enter manualWork=4
[15:27:01.147] #0038 T001 [Reconnect] processing zone=4EDCA chainAlongX=False bucket=2688263
[15:27:01.163] #0039 T001 [Reconnect] CollectSprinklersOnManualLine start
[15:27:01.168] #0040 T001 [CollectLine] total=1300 rejZoneRing=1039 rejBucket=243 rejZoneHex=18 accepted=0 lineBucket=2688263 bucket=0.3
[15:27:01.169] #0041 T001 [Reconnect] CollectSprinklersOnManualLine done rowHeads=0
[15:27:01.169] #0042 T001 [Reconnect] processing zone=4EDCA chainAlongX=False bucket=2688253
[15:27:01.177] #0043 T001 [Reconnect] CollectSprinklersOnManualLine start
[15:27:01.180] #0044 T001 [CollectLine] total=1300 rejZoneRing=1039 rejBucket=243 rejZoneHex=18 accepted=0 lineBucket=2688253 bucket=0.3
[15:27:01.181] #0045 T001 [Reconnect] CollectSprinklersOnManualLine done rowHeads=0
[15:27:01.182] #0046 T001 [Reconnect] return drawn=0
[15:27:01.182] #0047 T001 [CBM] ReconnectOrphanAdjacentSegments done reconnected=0
[15:27:01.187] #0048 T001 [CBM] transaction committed

══════════════════════════════════════════════════════
SESSION START  2026-05-28 15:35:51.681  pid=26076
══════════════════════════════════════════════════════
[15:35:51.682] #0001 T001 [CBM] ConnectBranchesManually entered
[15:35:55.559] #0002 T001 [CBM] selection OK count=4 — opening transaction
[15:35:55.577] #0003 T001 [CBM] mains=1 branches=0 feeds=1
[15:35:55.615] #0004 T001 [CBM] work resolved count=4 zones=1
[15:35:55.616] #0005 T001 [CBM] EraseExistingBranchConnections start
[15:35:55.642] #0006 T001 [CBM] EraseExistingBranchConnections done erased=6 orphaned=4
[15:35:55.651] #0007 T001 [CBM] main draw loop start groups=2
[15:35:55.652] #0008 T001 [CBM] bucket #1 size=2
[15:35:55.652] #0009 T001 [CBM] bucket #1 multi-head path start
[15:35:55.656] #0010 T001 [CBM] bucket #1 hop-routing start hopCount=2
[15:35:55.656] #0011 T001 [CBM]   hop 1 TrySelectBestValidatedOrthogonalPath start
[15:35:55.664] #0012 T001 [CBM]   hop 1 route OK verts=2
[15:35:55.664] #0013 T001 [CBM]   hop 2 TrySelectBestValidatedOrthogonalPath start
[15:35:55.665] #0014 T001 [CBM]   hop 2 route OK verts=2
[15:35:55.665] #0015 T001 [CBM] bucket #1 hop-routing done failed=False legs=2
[15:35:55.666] #0016 T001 [CBM] bucket #1 CollapseOrthogonalVertices
[15:35:55.666] #0017 T001 [CBM] bucket #1 ExistingBranchPolylineMatchesResolvedRoute start
[15:35:55.672] #0018 T001 [CBM] bucket #1 ExistingBranchPolylineMatchesResolvedRoute done isDup=False
[15:35:55.673] #0019 T001 [CBM] bucket #1 TryAppendSegmentPairsAlongPath start legs=2
[15:35:55.684] #0020 T001 [CBM] bucket #1 TryAppendSegmentPairsAlongPath done segs=2
[15:35:55.685] #0021 T001 [CBM] bucket #1 complete created=2
[15:35:55.685] #0022 T001 [CBM] bucket #2 size=2
[15:35:55.686] #0023 T001 [CBM] bucket #2 multi-head path start
[15:35:55.686] #0024 T001 [CBM] bucket #2 hop-routing start hopCount=2
[15:35:55.687] #0025 T001 [CBM]   hop 1 TrySelectBestValidatedOrthogonalPath start
[15:35:55.687] #0026 T001 [CBM]   hop 1 route OK verts=2
[15:35:55.687] #0027 T001 [CBM]   hop 2 TrySelectBestValidatedOrthogonalPath start
[15:35:55.688] #0028 T001 [CBM]   hop 2 route OK verts=2
[15:35:55.688] #0029 T001 [CBM] bucket #2 hop-routing done failed=False legs=2
[15:35:55.689] #0030 T001 [CBM] bucket #2 CollapseOrthogonalVertices
[15:35:55.689] #0031 T001 [CBM] bucket #2 ExistingBranchPolylineMatchesResolvedRoute start
[15:35:55.705] #0032 T001 [CBM] bucket #2 ExistingBranchPolylineMatchesResolvedRoute done isDup=False
[15:35:55.706] #0033 T001 [CBM] bucket #2 TryAppendSegmentPairsAlongPath start legs=2
[15:35:55.710] #0034 T001 [CBM] bucket #2 TryAppendSegmentPairsAlongPath done segs=2
[15:35:55.710] #0035 T001 [CBM] bucket #2 complete created=4
[15:35:55.711] #0036 T001 [CBM] main draw done created=4 — entering ReconnectOrphanAdjacentSegments
[15:35:55.714] #0037 T001 [Reconnect] enter manualWork=4
[15:35:55.715] #0038 T001 [Reconnect] processing zone=4EDCA chainAlongX=False bucket=2688263
[15:35:55.731] #0039 T001 [Reconnect] CollectSprinklersOnManualLine start
[15:35:55.736] #0040 T001 [CollectLine] total=1300 rejZoneRing=1039 rejBucket=243 rejZoneHex=0 accepted=18 lineBucket=2688263 bucket=0.3
[15:35:55.738] #0041 T001 [Reconnect] CollectSprinklersOnManualLine done rowHeads=18
[15:35:55.739] #0042 T001 [Reconnect] manualIndices=2 rowHeads=18
[15:35:55.740] #0043 T001 [Reconnect] manualIdx=1 walking backward
[15:35:55.740] #0044 T001 [Reconnect]   j=0 CountIncident start
[15:35:55.743] #0045 T001 [Reconnect]   j=0 cnt=1
[15:35:55.744] #0046 T001 [Reconnect]   j=0 TryDraw start
[15:35:55.746] #0047 T001 [Reconnect]   j=0 TryDraw done drawn=0
[15:35:55.747] #0048 T001 [Reconnect] manualIdx=1 walking forward
[15:35:55.747] #0049 T001 [Reconnect]   j=2 CountIncident start
[15:35:55.749] #0050 T001 [Reconnect]   j=2 cnt=2
[15:35:55.750] #0051 T001 [Reconnect]   j=3 CountIncident start
[15:35:55.752] #0052 T001 [Reconnect]   j=3 cnt=2
[15:35:55.753] #0053 T001 [Reconnect]   j=4 CountIncident start
[15:35:55.755] #0054 T001 [Reconnect]   j=4 cnt=2
[15:35:55.755] #0055 T001 [Reconnect]   j=5 CountIncident start
[15:35:55.757] #0056 T001 [Reconnect]   j=5 cnt=2
[15:35:55.758] #0057 T001 [Reconnect]   j=6 CountIncident start
[15:35:55.760] #0058 T001 [Reconnect]   j=6 cnt=2
[15:35:55.760] #0059 T001 [Reconnect]   j=7 CountIncident start
[15:35:55.762] #0060 T001 [Reconnect]   j=7 cnt=2
[15:35:55.763] #0061 T001 [Reconnect]   j=8 CountIncident start
[15:35:55.765] #0062 T001 [Reconnect]   j=8 cnt=2
[15:35:55.766] #0063 T001 [Reconnect]   j=9 CountIncident start
[15:35:55.768] #0064 T001 [Reconnect]   j=9 cnt=2
[15:35:55.768] #0065 T001 [Reconnect]   j=10 CountIncident start
[15:35:55.770] #0066 T001 [Reconnect]   j=10 cnt=2
[15:35:55.771] #0067 T001 [Reconnect]   j=11 CountIncident start
[15:35:55.773] #0068 T001 [Reconnect]   j=11 cnt=2
[15:35:55.773] #0069 T001 [Reconnect]   j=12 CountIncident start
[15:35:55.776] #0070 T001 [Reconnect]   j=12 cnt=2
[15:35:55.776] #0071 T001 [Reconnect]   j=13 CountIncident start
[15:35:55.778] #0072 T001 [Reconnect]   j=13 cnt=2
[15:35:55.779] #0073 T001 [Reconnect]   j=14 CountIncident start
[15:35:55.781] #0074 T001 [Reconnect]   j=14 cnt=2
[15:35:55.781] #0075 T001 [Reconnect]   j=15 CountIncident start
[15:35:55.784] #0076 T001 [Reconnect]   j=15 cnt=2
[15:35:55.784] #0077 T001 [Reconnect]   j=16 CountIncident start
[15:35:55.786] #0078 T001 [Reconnect]   j=16 cnt=2
[15:35:55.787] #0079 T001 [Reconnect]   j=17 CountIncident start
[15:35:55.789] #0080 T001 [Reconnect]   j=17 cnt=2
[15:35:55.790] #0081 T001 [Reconnect] manualIdx=0 walking backward
[15:35:55.790] #0082 T001 [Reconnect] manualIdx=0 walking forward
[15:35:55.790] #0083 T001 [Reconnect]   j=1 CountIncident start
[15:35:55.793] #0084 T001 [Reconnect]   j=1 cnt=2
[15:35:55.793] #0085 T001 [Reconnect]   j=2 CountIncident start
[15:35:55.795] #0086 T001 [Reconnect]   j=2 cnt=2
[15:35:55.796] #0087 T001 [Reconnect]   j=3 CountIncident start
[15:35:55.798] #0088 T001 [Reconnect]   j=3 cnt=2
[15:35:55.799] #0089 T001 [Reconnect]   j=4 CountIncident start
[15:35:55.801] #0090 T001 [Reconnect]   j=4 cnt=2
[15:35:55.801] #0091 T001 [Reconnect]   j=5 CountIncident start
[15:35:55.803] #0092 T001 [Reconnect]   j=5 cnt=2
[15:35:55.804] #0093 T001 [Reconnect]   j=6 CountIncident start
[15:35:55.806] #0094 T001 [Reconnect]   j=6 cnt=2
[15:35:55.806] #0095 T001 [Reconnect]   j=7 CountIncident start
[15:35:55.808] #0096 T001 [Reconnect]   j=7 cnt=2
[15:35:55.809] #0097 T001 [Reconnect]   j=8 CountIncident start
[15:35:55.811] #0098 T001 [Reconnect]   j=8 cnt=2
[15:35:55.811] #0099 T001 [Reconnect]   j=9 CountIncident start
[15:35:55.814] #0100 T001 [Reconnect]   j=9 cnt=2
[15:35:55.814] #0101 T001 [Reconnect]   j=10 CountIncident start
[15:35:55.816] #0102 T001 [Reconnect]   j=10 cnt=2
[15:35:55.817] #0103 T001 [Reconnect]   j=11 CountIncident start
[15:35:55.819] #0104 T001 [Reconnect]   j=11 cnt=2
[15:35:55.819] #0105 T001 [Reconnect]   j=12 CountIncident start
[15:35:55.821] #0106 T001 [Reconnect]   j=12 cnt=2
[15:35:55.822] #0107 T001 [Reconnect]   j=13 CountIncident start
[15:35:55.824] #0108 T001 [Reconnect]   j=13 cnt=2
[15:35:55.824] #0109 T001 [Reconnect]   j=14 CountIncident start
[15:35:55.826] #0110 T001 [Reconnect]   j=14 cnt=2
[15:35:55.827] #0111 T001 [Reconnect]   j=15 CountIncident start
[15:35:55.829] #0112 T001 [Reconnect]   j=15 cnt=2
[15:35:55.829] #0113 T001 [Reconnect]   j=16 CountIncident start
[15:35:55.831] #0114 T001 [Reconnect]   j=16 cnt=2
[15:35:55.832] #0115 T001 [Reconnect]   j=17 CountIncident start
[15:35:55.834] #0116 T001 [Reconnect]   j=17 cnt=2
[15:35:55.835] #0117 T001 [Reconnect] manualIndices loop done drawn=0
[15:35:55.835] #0118 T001 [Reconnect] processing zone=4EDCA chainAlongX=False bucket=2688253
[15:35:55.843] #0119 T001 [Reconnect] CollectSprinklersOnManualLine start
[15:35:55.846] #0120 T001 [CollectLine] total=1300 rejZoneRing=1039 rejBucket=243 rejZoneHex=0 accepted=18 lineBucket=2688253 bucket=0.3
[15:35:55.847] #0121 T001 [Reconnect] CollectSprinklersOnManualLine done rowHeads=18
[15:35:55.847] #0122 T001 [Reconnect] manualIndices=2 rowHeads=18
[15:35:55.847] #0123 T001 [Reconnect] manualIdx=1 walking backward
[15:35:55.848] #0124 T001 [Reconnect]   j=0 CountIncident start
[15:35:55.850] #0125 T001 [Reconnect]   j=0 cnt=1
[15:35:55.851] #0126 T001 [Reconnect]   j=0 TryDraw start
[15:35:55.853] #0127 T001 [Reconnect]   j=0 TryDraw done drawn=0
[15:35:55.853] #0128 T001 [Reconnect] manualIdx=1 walking forward
[15:35:55.854] #0129 T001 [Reconnect]   j=2 CountIncident start
[15:35:55.856] #0130 T001 [Reconnect]   j=2 cnt=2
[15:35:55.856] #0131 T001 [Reconnect]   j=3 CountIncident start
[15:35:55.859] #0132 T001 [Reconnect]   j=3 cnt=2
[15:35:55.860] #0133 T001 [Reconnect]   j=4 CountIncident start
[15:35:55.869] #0134 T001 [Reconnect]   j=4 cnt=2
[15:35:55.869] #0135 T001 [Reconnect]   j=5 CountIncident start
[15:35:55.871] #0136 T001 [Reconnect]   j=5 cnt=2
[15:35:55.872] #0137 T001 [Reconnect]   j=6 CountIncident start
[15:35:55.874] #0138 T001 [Reconnect]   j=6 cnt=2
[15:35:55.875] #0139 T001 [Reconnect]   j=7 CountIncident start
[15:35:55.877] #0140 T001 [Reconnect]   j=7 cnt=2
[15:35:55.877] #0141 T001 [Reconnect]   j=8 CountIncident start
[15:35:55.880] #0142 T001 [Reconnect]   j=8 cnt=2
[15:35:56.122] #0143 T001 [Reconnect]   j=9 CountIncident start
[15:35:56.125] #0144 T001 [Reconnect]   j=9 cnt=2
[15:35:56.125] #0145 T001 [Reconnect]   j=10 CountIncident start
[15:35:56.128] #0146 T001 [Reconnect]   j=10 cnt=2
[15:35:56.128] #0147 T001 [Reconnect]   j=11 CountIncident start
[15:35:56.130] #0148 T001 [Reconnect]   j=11 cnt=2
[15:35:56.131] #0149 T001 [Reconnect]   j=12 CountIncident start
[15:35:56.133] #0150 T001 [Reconnect]   j=12 cnt=2
[15:35:56.133] #0151 T001 [Reconnect]   j=13 CountIncident start
[15:35:56.135] #0152 T001 [Reconnect]   j=13 cnt=2
[15:35:56.136] #0153 T001 [Reconnect]   j=14 CountIncident start
[15:35:56.138] #0154 T001 [Reconnect]   j=14 cnt=2
[15:35:56.139] #0155 T001 [Reconnect]   j=15 CountIncident start
[15:35:56.141] #0156 T001 [Reconnect]   j=15 cnt=2
[15:35:56.141] #0157 T001 [Reconnect]   j=16 CountIncident start
[15:35:56.143] #0158 T001 [Reconnect]   j=16 cnt=2
[15:35:56.144] #0159 T001 [Reconnect]   j=17 CountIncident start
[15:35:56.146] #0160 T001 [Reconnect]   j=17 cnt=2
[15:35:56.147] #0161 T001 [Reconnect] manualIdx=0 walking backward
[15:35:56.147] #0162 T001 [Reconnect] manualIdx=0 walking forward
[15:35:56.147] #0163 T001 [Reconnect]   j=1 CountIncident start
[15:35:56.149] #0164 T001 [Reconnect]   j=1 cnt=2
[15:35:56.150] #0165 T001 [Reconnect]   j=2 CountIncident start
[15:35:56.152] #0166 T001 [Reconnect]   j=2 cnt=2
[15:35:56.153] #0167 T001 [Reconnect]   j=3 CountIncident start
[15:35:56.155] #0168 T001 [Reconnect]   j=3 cnt=2
[15:35:56.155] #0169 T001 [Reconnect]   j=4 CountIncident start
[15:35:56.158] #0170 T001 [Reconnect]   j=4 cnt=2
[15:35:56.158] #0171 T001 [Reconnect]   j=5 CountIncident start
[15:35:56.160] #0172 T001 [Reconnect]   j=5 cnt=2
[15:35:56.161] #0173 T001 [Reconnect]   j=6 CountIncident start
[15:35:56.162] #0174 T001 [Reconnect]   j=6 cnt=2
[15:35:56.163] #0175 T001 [Reconnect]   j=7 CountIncident start
[15:35:56.164] #0176 T001 [Reconnect]   j=7 cnt=2
[15:35:56.165] #0177 T001 [Reconnect]   j=8 CountIncident start
[15:35:56.167] #0178 T001 [Reconnect]   j=8 cnt=2
[15:35:56.167] #0179 T001 [Reconnect]   j=9 CountIncident start
[15:35:56.169] #0180 T001 [Reconnect]   j=9 cnt=2
[15:35:56.169] #0181 T001 [Reconnect]   j=10 CountIncident start
[15:35:56.171] #0182 T001 [Reconnect]   j=10 cnt=2
[15:35:56.171] #0183 T001 [Reconnect]   j=11 CountIncident start
[15:35:56.173] #0184 T001 [Reconnect]   j=11 cnt=2
[15:35:56.174] #0185 T001 [Reconnect]   j=12 CountIncident start
[15:35:56.175] #0186 T001 [Reconnect]   j=12 cnt=2
[15:35:56.176] #0187 T001 [Reconnect]   j=13 CountIncident start
[15:35:56.177] #0188 T001 [Reconnect]   j=13 cnt=2
[15:35:56.178] #0189 T001 [Reconnect]   j=14 CountIncident start
[15:35:56.180] #0190 T001 [Reconnect]   j=14 cnt=2
[15:35:56.180] #0191 T001 [Reconnect]   j=15 CountIncident start
[15:35:56.182] #0192 T001 [Reconnect]   j=15 cnt=2
[15:35:56.182] #0193 T001 [Reconnect]   j=16 CountIncident start
[15:35:56.184] #0194 T001 [Reconnect]   j=16 cnt=2
[15:35:56.184] #0195 T001 [Reconnect]   j=17 CountIncident start
[15:35:56.186] #0196 T001 [Reconnect]   j=17 cnt=2
[15:35:56.187] #0197 T001 [Reconnect] manualIndices loop done drawn=0
[15:35:56.188] #0198 T001 [Reconnect] return drawn=0
[15:35:56.188] #0199 T001 [CBM] ReconnectOrphanAdjacentSegments done reconnected=0
[15:35:56.192] #0200 T001 [CBM] transaction committed

══════════════════════════════════════════════════════
SESSION START  2026-05-28 15:55:59.121  pid=1824
══════════════════════════════════════════════════════
[15:55:59.122] #0001 T001 [CBM] ConnectBranchesManually entered
[15:56:03.104] #0002 T001 [CBM] selection OK count=4 — opening transaction
[15:56:03.121] #0003 T001 [CBM] mains=1 branches=0 feeds=1
[15:56:03.157] #0004 T001 [CBM] work resolved count=4 zones=1
[15:56:03.158] #0005 T001 [CBM] EraseExistingBranchConnections start
[15:56:03.189] #0006 T001 [CBM] EraseExistingBranchConnections done erased=6 orphaned=4
[15:56:03.197] #0007 T001 [CBM] main draw loop start groups=2
[15:56:03.198] #0008 T001 [CBM] bucket #1 size=2
[15:56:03.198] #0009 T001 [CBM] bucket #1 multi-head path start
[15:56:03.202] #0010 T001 [CBM] bucket #1 hop-routing start hopCount=2
[15:56:03.202] #0011 T001 [CBM]   hop 1 TrySelectBestValidatedOrthogonalPath start
[15:56:03.209] #0012 T001 [CBM]   hop 1 route OK verts=2
[15:56:03.210] #0013 T001 [CBM]   hop 2 TrySelectBestValidatedOrthogonalPath start
[15:56:03.210] #0014 T001 [CBM]   hop 2 route OK verts=2
[15:56:03.211] #0015 T001 [CBM] bucket #1 hop-routing done failed=False legs=2
[15:56:03.211] #0016 T001 [CBM] bucket #1 CollapseOrthogonalVertices
[15:56:03.212] #0017 T001 [CBM] bucket #1 ExistingBranchPolylineMatchesResolvedRoute start
[15:56:03.218] #0018 T001 [CBM] bucket #1 ExistingBranchPolylineMatchesResolvedRoute done isDup=False
[15:56:03.218] #0019 T001 [CBM] bucket #1 TryAppendSegmentPairsAlongPath start legs=2
[15:56:03.227] #0020 T001 [CBM] bucket #1 TryAppendSegmentPairsAlongPath done segs=2
[15:56:03.228] #0021 T001 [CBM] bucket #1 complete created=2
[15:56:03.228] #0022 T001 [CBM] bucket #2 size=2
[15:56:03.229] #0023 T001 [CBM] bucket #2 multi-head path start
[15:56:03.229] #0024 T001 [CBM] bucket #2 hop-routing start hopCount=2
[15:56:03.230] #0025 T001 [CBM]   hop 1 TrySelectBestValidatedOrthogonalPath start
[15:56:03.230] #0026 T001 [CBM]   hop 1 route OK verts=2
[15:56:03.231] #0027 T001 [CBM]   hop 2 TrySelectBestValidatedOrthogonalPath start
[15:56:03.231] #0028 T001 [CBM]   hop 2 route OK verts=2
[15:56:03.231] #0029 T001 [CBM] bucket #2 hop-routing done failed=False legs=2
[15:56:03.232] #0030 T001 [CBM] bucket #2 CollapseOrthogonalVertices
[15:56:03.232] #0031 T001 [CBM] bucket #2 ExistingBranchPolylineMatchesResolvedRoute start
[15:56:03.236] #0032 T001 [CBM] bucket #2 ExistingBranchPolylineMatchesResolvedRoute done isDup=False
[15:56:03.236] #0033 T001 [CBM] bucket #2 TryAppendSegmentPairsAlongPath start legs=2
[15:56:03.240] #0034 T001 [CBM] bucket #2 TryAppendSegmentPairsAlongPath done segs=2
[15:56:03.241] #0035 T001 [CBM] bucket #2 complete created=4
[15:56:03.241] #0036 T001 [CBM] main draw done created=4 — entering ReconnectOrphanAdjacentSegments
[15:56:03.244] #0037 T001 [Reconnect] enter manualWork=4
[15:56:03.246] #0038 T001 [Reconnect] processing zone=4EDCA chainAlongX=False bucket=2688263
[15:56:03.260] #0039 T001 [Reconnect] CollectSprinklersOnManualLine start
[15:56:03.265] #0040 T001 [CollectLine] total=1300 rejZoneRing=1039 rejBucket=243 rejZoneHex=0 accepted=18 lineBucket=2688263 bucket=0.3
[15:56:03.267] #0041 T001 [Reconnect] CollectSprinklersOnManualLine done rowHeads=18
[15:56:03.268] #0042 T001 [Reconnect] manualIndices=2 rowHeads=18
[15:56:03.269] #0043 T001 [Reconnect] manualIdx=1 walking backward
[15:56:03.271] #0044 T001 [Reconnect]   j=0 segExists=True
[15:56:03.271] #0045 T001 [Reconnect] manualIdx=1 walking forward
[15:56:03.273] #0046 T001 [Reconnect]   j=2 segExists=False
[15:56:03.274] #0047 T001 [Reconnect]   j=2 TryDraw start
[15:56:03.280] #0048 T001 [Reconnect]   j=2 TryDraw done drawn=1
[15:56:03.282] #0049 T001 [Reconnect]   j=3 segExists=False
[15:56:03.283] #0050 T001 [Reconnect]   j=3 TryDraw start
[15:56:03.286] #0051 T001 [Reconnect]   j=3 TryDraw done drawn=2
[15:56:03.288] #0052 T001 [Reconnect]   j=4 segExists=False
[15:56:03.289] #0053 T001 [Reconnect]   j=4 TryDraw start
[15:56:03.291] #0054 T001 [Reconnect]   j=4 TryDraw done drawn=3
[15:56:03.293] #0055 T001 [Reconnect]   j=5 segExists=False
[15:56:03.294] #0056 T001 [Reconnect]   j=5 TryDraw start
[15:56:03.296] #0057 T001 [Reconnect]   j=5 TryDraw done drawn=4
[15:56:03.298] #0058 T001 [Reconnect]   j=6 segExists=False
[15:56:03.299] #0059 T001 [Reconnect]   j=6 TryDraw start
[15:56:03.301] #0060 T001 [Reconnect]   j=6 TryDraw done drawn=5
[15:56:03.303] #0061 T001 [Reconnect]   j=7 segExists=False
[15:56:03.303] #0062 T001 [Reconnect]   j=7 TryDraw start
[15:56:03.306] #0063 T001 [Reconnect]   j=7 TryDraw done drawn=6
[15:56:03.308] #0064 T001 [Reconnect]   j=8 segExists=False
[15:56:03.309] #0065 T001 [Reconnect]   j=8 TryDraw start
[15:56:03.311] #0066 T001 [Reconnect]   j=8 TryDraw done drawn=7
[15:56:03.313] #0067 T001 [Reconnect]   j=9 segExists=False
[15:56:03.314] #0068 T001 [Reconnect]   j=9 TryDraw start
[15:56:03.316] #0069 T001 [Reconnect]   j=9 TryDraw done drawn=8
[15:56:03.318] #0070 T001 [Reconnect]   j=10 segExists=False
[15:56:03.318] #0071 T001 [Reconnect]   j=10 TryDraw start
[15:56:03.321] #0072 T001 [Reconnect]   j=10 TryDraw done drawn=9
[15:56:03.323] #0073 T001 [Reconnect]   j=11 segExists=False
[15:56:03.323] #0074 T001 [Reconnect]   j=11 TryDraw start
[15:56:03.326] #0075 T001 [Reconnect]   j=11 TryDraw done drawn=10
[15:56:03.328] #0076 T001 [Reconnect]   j=12 segExists=False
[15:56:03.329] #0077 T001 [Reconnect]   j=12 TryDraw start
[15:56:03.331] #0078 T001 [Reconnect]   j=12 TryDraw done drawn=11
[15:56:03.333] #0079 T001 [Reconnect]   j=13 segExists=False
[15:56:03.334] #0080 T001 [Reconnect]   j=13 TryDraw start
[15:56:03.336] #0081 T001 [Reconnect]   j=13 TryDraw done drawn=12
[15:56:03.338] #0082 T001 [Reconnect]   j=14 segExists=False
[15:56:03.339] #0083 T001 [Reconnect]   j=14 TryDraw start
[15:56:03.341] #0084 T001 [Reconnect]   j=14 TryDraw done drawn=13
[15:56:03.343] #0085 T001 [Reconnect]   j=15 segExists=False
[15:56:03.343] #0086 T001 [Reconnect]   j=15 TryDraw start
[15:56:03.346] #0087 T001 [Reconnect]   j=15 TryDraw done drawn=14
[15:56:03.348] #0088 T001 [Reconnect]   j=16 segExists=False
[15:56:03.348] #0089 T001 [Reconnect]   j=16 TryDraw start
[15:56:03.351] #0090 T001 [Reconnect]   j=16 TryDraw done drawn=15
[15:56:03.353] #0091 T001 [Reconnect]   j=17 segExists=False
[15:56:03.353] #0092 T001 [Reconnect]   j=17 TryDraw start
[15:56:03.356] #0093 T001 [Reconnect]   j=17 TryDraw done drawn=16
[15:56:03.356] #0094 T001 [Reconnect] manualIdx=0 walking backward
[15:56:03.357] #0095 T001 [Reconnect] manualIdx=0 walking forward
[15:56:03.359] #0096 T001 [Reconnect]   j=1 segExists=True
[15:56:03.360] #0097 T001 [Reconnect] manualIndices loop done drawn=16
[15:56:03.360] #0098 T001 [Reconnect] processing zone=4EDCA chainAlongX=False bucket=2688253
[15:56:03.373] #0099 T001 [Reconnect] CollectSprinklersOnManualLine start
[15:56:03.376] #0100 T001 [CollectLine] total=1300 rejZoneRing=1039 rejBucket=243 rejZoneHex=0 accepted=18 lineBucket=2688253 bucket=0.3
[15:56:03.377] #0101 T001 [Reconnect] CollectSprinklersOnManualLine done rowHeads=18
[15:56:03.377] #0102 T001 [Reconnect] manualIndices=2 rowHeads=18
[15:56:03.377] #0103 T001 [Reconnect] manualIdx=1 walking backward
[15:56:03.380] #0104 T001 [Reconnect]   j=0 segExists=True
[15:56:03.380] #0105 T001 [Reconnect] manualIdx=1 walking forward
[15:56:03.382] #0106 T001 [Reconnect]   j=2 segExists=False
[15:56:03.383] #0107 T001 [Reconnect]   j=2 TryDraw start
[15:56:03.385] #0108 T001 [Reconnect]   j=2 TryDraw done drawn=17
[15:56:03.387] #0109 T001 [Reconnect]   j=3 segExists=False
[15:56:03.388] #0110 T001 [Reconnect]   j=3 TryDraw start
[15:56:03.390] #0111 T001 [Reconnect]   j=3 TryDraw done drawn=18
[15:56:03.392] #0112 T001 [Reconnect]   j=4 segExists=False
[15:56:03.393] #0113 T001 [Reconnect]   j=4 TryDraw start
[15:56:03.395] #0114 T001 [Reconnect]   j=4 TryDraw done drawn=19
[15:56:03.397] #0115 T001 [Reconnect]   j=5 segExists=False
[15:56:03.398] #0116 T001 [Reconnect]   j=5 TryDraw start
[15:56:03.400] #0117 T001 [Reconnect]   j=5 TryDraw done drawn=20
[15:56:03.402] #0118 T001 [Reconnect]   j=6 segExists=False
[15:56:03.403] #0119 T001 [Reconnect]   j=6 TryDraw start
[15:56:03.405] #0120 T001 [Reconnect]   j=6 TryDraw done drawn=21
[15:56:03.407] #0121 T001 [Reconnect]   j=7 segExists=False
[15:56:03.408] #0122 T001 [Reconnect]   j=7 TryDraw start
[15:56:03.410] #0123 T001 [Reconnect]   j=7 TryDraw done drawn=22
[15:56:03.412] #0124 T001 [Reconnect]   j=8 segExists=False
[15:56:03.412] #0125 T001 [Reconnect]   j=8 TryDraw start
[15:56:03.415] #0126 T001 [Reconnect]   j=8 TryDraw done drawn=23
[15:56:03.417] #0127 T001 [Reconnect]   j=9 segExists=False
[15:56:03.417] #0128 T001 [Reconnect]   j=9 TryDraw start
[15:56:03.420] #0129 T001 [Reconnect]   j=9 TryDraw done drawn=24
[15:56:03.422] #0130 T001 [Reconnect]   j=10 segExists=False
[15:56:03.422] #0131 T001 [Reconnect]   j=10 TryDraw start
[15:56:03.425] #0132 T001 [Reconnect]   j=10 TryDraw done drawn=25
[15:56:03.427] #0133 T001 [Reconnect]   j=11 segExists=False
[15:56:03.427] #0134 T001 [Reconnect]   j=11 TryDraw start
[15:56:03.429] #0135 T001 [Reconnect]   j=11 TryDraw done drawn=26
[15:56:03.432] #0136 T001 [Reconnect]   j=12 segExists=False
[15:56:03.432] #0137 T001 [Reconnect]   j=12 TryDraw start
[15:56:03.434] #0138 T001 [Reconnect]   j=12 TryDraw done drawn=27
[15:56:03.437] #0139 T001 [Reconnect]   j=13 segExists=False
[15:56:03.437] #0140 T001 [Reconnect]   j=13 TryDraw start
[15:56:03.439] #0141 T001 [Reconnect]   j=13 TryDraw done drawn=28
[15:56:03.442] #0142 T001 [Reconnect]   j=14 segExists=False
[15:56:03.442] #0143 T001 [Reconnect]   j=14 TryDraw start
[15:56:03.444] #0144 T001 [Reconnect]   j=14 TryDraw done drawn=29
[15:56:03.447] #0145 T001 [Reconnect]   j=15 segExists=False
[15:56:03.447] #0146 T001 [Reconnect]   j=15 TryDraw start
[15:56:03.449] #0147 T001 [Reconnect]   j=15 TryDraw done drawn=30
[15:56:03.452] #0148 T001 [Reconnect]   j=16 segExists=False
[15:56:03.452] #0149 T001 [Reconnect]   j=16 TryDraw start
[15:56:03.454] #0150 T001 [Reconnect]   j=16 TryDraw done drawn=31
[15:56:03.457] #0151 T001 [Reconnect]   j=17 segExists=False
[15:56:03.457] #0152 T001 [Reconnect]   j=17 TryDraw start
[15:56:03.459] #0153 T001 [Reconnect]   j=17 TryDraw done drawn=32
[15:56:03.460] #0154 T001 [Reconnect] manualIdx=0 walking backward
[15:56:03.460] #0155 T001 [Reconnect] manualIdx=0 walking forward
[15:56:03.462] #0156 T001 [Reconnect]   j=1 segExists=True
[15:56:03.463] #0157 T001 [Reconnect] manualIndices loop done drawn=32
[15:56:03.464] #0158 T001 [Reconnect] return drawn=32
[15:56:03.465] #0159 T001 [CBM] ReconnectOrphanAdjacentSegments done reconnected=32
[15:56:03.473] #0160 T001 [CBM] transaction committed

══════════════════════════════════════════════════════
SESSION START  2026-05-28 16:21:24.772  pid=33952
══════════════════════════════════════════════════════
[16:21:25.070] #0001 T001 [CBM] ConnectBranchesManually entered
[16:21:29.315] #0002 T001 [CBM] selection OK count=4 — opening transaction
[16:21:29.333] #0003 T001 [CBM] mains=1 branches=0 feeds=1
[16:21:29.376] #0004 T001 [CBM] work resolved count=4 zones=1
[16:21:29.377] #0005 T001 [CBM] EraseExistingBranchConnections start
[16:21:29.402] #0006 T001 [CBM] EraseExistingBranchConnections done erased=6 orphaned=4
[16:21:29.410] #0007 T001 [CBM] main draw loop start groups=2
[16:21:29.411] #0008 T001 [CBM] bucket #1 size=2
[16:21:29.412] #0009 T001 [CBM] bucket #1 multi-head path start
[16:21:29.415] #0010 T001 [CBM] bucket #1 hop-routing start hopCount=2
[16:21:29.415] #0011 T001 [CBM]   hop 1 TrySelectBestValidatedOrthogonalPath start
[16:21:29.423] #0012 T001 [CBM]   hop 1 route OK verts=2
[16:21:29.423] #0013 T001 [CBM]   hop 2 TrySelectBestValidatedOrthogonalPath start
[16:21:29.424] #0014 T001 [CBM]   hop 2 route OK verts=2
[16:21:29.424] #0015 T001 [CBM] bucket #1 hop-routing done failed=False legs=2
[16:21:29.425] #0016 T001 [CBM] bucket #1 CollapseOrthogonalVertices
[16:21:29.425] #0017 T001 [CBM] bucket #1 ExistingBranchPolylineMatchesResolvedRoute start
[16:21:29.432] #0018 T001 [CBM] bucket #1 ExistingBranchPolylineMatchesResolvedRoute done isDup=False
[16:21:29.432] #0019 T001 [CBM] bucket #1 TryAppendSegmentPairsAlongPath start legs=2
[16:21:29.444] #0020 T001 [CBM] bucket #1 TryAppendSegmentPairsAlongPath done segs=2
[16:21:29.445] #0021 T001 [CBM] bucket #1 complete created=2
[16:21:29.446] #0022 T001 [CBM] bucket #2 size=2
[16:21:29.446] #0023 T001 [CBM] bucket #2 multi-head path start
[16:21:29.447] #0024 T001 [CBM] bucket #2 hop-routing start hopCount=2
[16:21:29.447] #0025 T001 [CBM]   hop 1 TrySelectBestValidatedOrthogonalPath start
[16:21:29.448] #0026 T001 [CBM]   hop 1 route OK verts=2
[16:21:29.448] #0027 T001 [CBM]   hop 2 TrySelectBestValidatedOrthogonalPath start
[16:21:29.449] #0028 T001 [CBM]   hop 2 route OK verts=2
[16:21:29.449] #0029 T001 [CBM] bucket #2 hop-routing done failed=False legs=2
[16:21:29.450] #0030 T001 [CBM] bucket #2 CollapseOrthogonalVertices
[16:21:29.450] #0031 T001 [CBM] bucket #2 ExistingBranchPolylineMatchesResolvedRoute start
[16:21:29.455] #0032 T001 [CBM] bucket #2 ExistingBranchPolylineMatchesResolvedRoute done isDup=False
[16:21:29.456] #0033 T001 [CBM] bucket #2 TryAppendSegmentPairsAlongPath start legs=2
[16:21:29.464] #0034 T001 [CBM] bucket #2 TryAppendSegmentPairsAlongPath done segs=2
[16:21:29.464] #0035 T001 [CBM] bucket #2 complete created=4
[16:21:29.464] #0036 T001 [CBM] main draw done created=4 — entering ReconnectOrphanAdjacentSegments
[16:21:29.467] #0037 T001 [Reconnect] enter manualWork=4
[16:21:29.469] #0038 T001 [Reconnect] processing zone=4EDCA chainAlongX=False bucket=2688263
[16:21:29.484] #0039 T001 [Reconnect] CollectSprinklersOnManualLine start
[16:21:29.489] #0040 T001 [CollectLine] total=1300 rejZoneRing=1039 rejBucket=243 rejZoneHex=0 accepted=18 lineBucket=2688263 bucket=0.3
[16:21:29.491] #0041 T001 [Reconnect] CollectSprinklersOnManualLine done rowHeads=18
[16:21:29.492] #0042 T001 [Reconnect] manualIndices=2 rowHeads=18
[16:21:29.492] #0043 T001 [Reconnect] manualIdx=1 walking backward
[16:21:29.495] #0044 T001 [Reconnect]   j=0 segExists=True
[16:21:29.495] #0045 T001 [Reconnect] manualIdx=1 walking forward
[16:21:29.497] #0046 T001 [Reconnect]   j=2 segExists=False
[16:21:29.498] #0047 T001 [Reconnect]   j=2 TryDraw start
[16:21:29.505] #0048 T001 [Reconnect]   j=2 TryDraw done drawn=1
[16:21:29.507] #0049 T001 [Reconnect]   j=3 segExists=False
[16:21:29.508] #0050 T001 [Reconnect]   j=3 TryDraw start
[16:21:29.512] #0051 T001 [Reconnect]   j=3 TryDraw done drawn=2
[16:21:29.514] #0052 T001 [Reconnect]   j=4 segExists=False
[16:21:29.515] #0053 T001 [Reconnect]   j=4 TryDraw start
[16:21:29.520] #0054 T001 [Reconnect]   j=4 TryDraw done drawn=3
[16:21:29.522] #0055 T001 [Reconnect]   j=5 segExists=False
[16:21:29.523] #0056 T001 [Reconnect]   j=5 TryDraw start
[16:21:29.527] #0057 T001 [Reconnect]   j=5 TryDraw done drawn=4
[16:21:29.529] #0058 T001 [Reconnect]   j=6 segExists=False
[16:21:29.530] #0059 T001 [Reconnect]   j=6 TryDraw start
[16:21:29.541] #0060 T001 [Reconnect]   j=6 TryDraw done drawn=5
[16:21:29.543] #0061 T001 [Reconnect]   j=7 segExists=False
[16:21:29.543] #0062 T001 [Reconnect]   j=7 TryDraw start
[16:21:29.547] #0063 T001 [Reconnect]   j=7 TryDraw done drawn=6
[16:21:29.550] #0064 T001 [Reconnect]   j=8 segExists=False
[16:21:29.550] #0065 T001 [Reconnect]   j=8 TryDraw start
[16:21:29.554] #0066 T001 [Reconnect]   j=8 TryDraw done drawn=7
[16:21:29.556] #0067 T001 [Reconnect]   j=9 segExists=False
[16:21:29.557] #0068 T001 [Reconnect]   j=9 TryDraw start
[16:21:29.561] #0069 T001 [Reconnect]   j=9 TryDraw done drawn=8
[16:21:29.563] #0070 T001 [Reconnect]   j=10 segExists=False
[16:21:29.563] #0071 T001 [Reconnect]   j=10 TryDraw start
[16:21:29.567] #0072 T001 [Reconnect]   j=10 TryDraw done drawn=9
[16:21:29.569] #0073 T001 [Reconnect]   j=11 segExists=False
[16:21:29.570] #0074 T001 [Reconnect]   j=11 TryDraw start
[16:21:29.574] #0075 T001 [Reconnect]   j=11 TryDraw done drawn=10
[16:21:29.576] #0076 T001 [Reconnect]   j=12 segExists=False
[16:21:29.577] #0077 T001 [Reconnect]   j=12 TryDraw start
[16:21:29.581] #0078 T001 [Reconnect]   j=12 TryDraw done drawn=11
[16:21:29.583] #0079 T001 [Reconnect]   j=13 segExists=False
[16:21:29.583] #0080 T001 [Reconnect]   j=13 TryDraw start
[16:21:29.587] #0081 T001 [Reconnect]   j=13 TryDraw done drawn=12
[16:21:29.589] #0082 T001 [Reconnect]   j=14 segExists=False
[16:21:29.590] #0083 T001 [Reconnect]   j=14 TryDraw start
[16:21:29.593] #0084 T001 [Reconnect]   j=14 TryDraw done drawn=13
[16:21:29.596] #0085 T001 [Reconnect]   j=15 segExists=False
[16:21:29.596] #0086 T001 [Reconnect]   j=15 TryDraw start
[16:21:29.600] #0087 T001 [Reconnect]   j=15 TryDraw done drawn=14
[16:21:29.602] #0088 T001 [Reconnect]   j=16 segExists=False
[16:21:29.602] #0089 T001 [Reconnect]   j=16 TryDraw start
[16:21:29.607] #0090 T001 [Reconnect]   j=16 TryDraw done drawn=15
[16:21:29.609] #0091 T001 [Reconnect]   j=17 segExists=False
[16:21:29.609] #0092 T001 [Reconnect]   j=17 TryDraw start
[16:21:29.613] #0093 T001 [Reconnect]   j=17 TryDraw done drawn=16
[16:21:29.613] #0094 T001 [Reconnect] manualIdx=0 walking backward
[16:21:29.614] #0095 T001 [Reconnect] manualIdx=0 walking forward
[16:21:29.617] #0096 T001 [Reconnect]   j=1 segExists=True
[16:21:29.617] #0097 T001 [Reconnect] manualIndices loop done drawn=16
[16:21:29.618] #0098 T001 [Reconnect] processing zone=4EDCA chainAlongX=False bucket=2688253
[16:21:29.624] #0099 T001 [Reconnect] CollectSprinklersOnManualLine start
[16:21:29.627] #0100 T001 [CollectLine] total=1300 rejZoneRing=1039 rejBucket=243 rejZoneHex=0 accepted=18 lineBucket=2688253 bucket=0.3
[16:21:29.628] #0101 T001 [Reconnect] CollectSprinklersOnManualLine done rowHeads=18
[16:21:29.628] #0102 T001 [Reconnect] manualIndices=2 rowHeads=18
[16:21:29.629] #0103 T001 [Reconnect] manualIdx=1 walking backward
[16:21:29.631] #0104 T001 [Reconnect]   j=0 segExists=True
[16:21:29.631] #0105 T001 [Reconnect] manualIdx=1 walking forward
[16:21:29.634] #0106 T001 [Reconnect]   j=2 segExists=False
[16:21:29.634] #0107 T001 [Reconnect]   j=2 TryDraw start
[16:21:29.638] #0108 T001 [Reconnect]   j=2 TryDraw done drawn=17
[16:21:29.640] #0109 T001 [Reconnect]   j=3 segExists=False
[16:21:29.641] #0110 T001 [Reconnect]   j=3 TryDraw start
[16:21:29.645] #0111 T001 [Reconnect]   j=3 TryDraw done drawn=18
[16:21:29.647] #0112 T001 [Reconnect]   j=4 segExists=False
[16:21:29.647] #0113 T001 [Reconnect]   j=4 TryDraw start
[16:21:29.652] #0114 T001 [Reconnect]   j=4 TryDraw done drawn=19
[16:21:29.654] #0115 T001 [Reconnect]   j=5 segExists=False
[16:21:29.654] #0116 T001 [Reconnect]   j=5 TryDraw start
[16:21:29.668] #0117 T001 [Reconnect]   j=5 TryDraw done drawn=20
[16:21:29.670] #0118 T001 [Reconnect]   j=6 segExists=False
[16:21:29.671] #0119 T001 [Reconnect]   j=6 TryDraw start
[16:21:29.675] #0120 T001 [Reconnect]   j=6 TryDraw done drawn=21
[16:21:29.677] #0121 T001 [Reconnect]   j=7 segExists=False
[16:21:29.678] #0122 T001 [Reconnect]   j=7 TryDraw start
[16:21:29.682] #0123 T001 [Reconnect]   j=7 TryDraw done drawn=22
[16:21:29.685] #0124 T001 [Reconnect]   j=8 segExists=False
[16:21:29.685] #0125 T001 [Reconnect]   j=8 TryDraw start
[16:21:29.689] #0126 T001 [Reconnect]   j=8 TryDraw done drawn=23
[16:21:29.691] #0127 T001 [Reconnect]   j=9 segExists=False
[16:21:29.692] #0128 T001 [Reconnect]   j=9 TryDraw start
[16:21:29.696] #0129 T001 [Reconnect]   j=9 TryDraw done drawn=24
[16:21:29.698] #0130 T001 [Reconnect]   j=10 segExists=False
[16:21:29.698] #0131 T001 [Reconnect]   j=10 TryDraw start
[16:21:29.702] #0132 T001 [Reconnect]   j=10 TryDraw done drawn=25
[16:21:29.704] #0133 T001 [Reconnect]   j=11 segExists=False
[16:21:29.705] #0134 T001 [Reconnect]   j=11 TryDraw start
[16:21:29.709] #0135 T001 [Reconnect]   j=11 TryDraw done drawn=26
[16:21:29.711] #0136 T001 [Reconnect]   j=12 segExists=False
[16:21:29.711] #0137 T001 [Reconnect]   j=12 TryDraw start
[16:21:29.715] #0138 T001 [Reconnect]   j=12 TryDraw done drawn=27
[16:21:29.718] #0139 T001 [Reconnect]   j=13 segExists=False
[16:21:29.718] #0140 T001 [Reconnect]   j=13 TryDraw start
[16:21:29.722] #0141 T001 [Reconnect]   j=13 TryDraw done drawn=28
[16:21:29.724] #0142 T001 [Reconnect]   j=14 segExists=False
[16:21:29.725] #0143 T001 [Reconnect]   j=14 TryDraw start
[16:21:29.729] #0144 T001 [Reconnect]   j=14 TryDraw done drawn=29
[16:21:29.731] #0145 T001 [Reconnect]   j=15 segExists=False
[16:21:29.732] #0146 T001 [Reconnect]   j=15 TryDraw start
[16:21:29.736] #0147 T001 [Reconnect]   j=15 TryDraw done drawn=30
[16:21:29.738] #0148 T001 [Reconnect]   j=16 segExists=False
[16:21:29.738] #0149 T001 [Reconnect]   j=16 TryDraw start
[16:21:29.742] #0150 T001 [Reconnect]   j=16 TryDraw done drawn=31
[16:21:29.744] #0151 T001 [Reconnect]   j=17 segExists=False
[16:21:29.744] #0152 T001 [Reconnect]   j=17 TryDraw start
[16:21:29.749] #0153 T001 [Reconnect]   j=17 TryDraw done drawn=32
[16:21:29.749] #0154 T001 [Reconnect] manualIdx=0 walking backward
[16:21:29.750] #0155 T001 [Reconnect] manualIdx=0 walking forward
[16:21:29.752] #0156 T001 [Reconnect]   j=1 segExists=True
[16:21:29.752] #0157 T001 [Reconnect] manualIndices loop done drawn=32
[16:21:29.753] #0158 T001 [Reconnect] return drawn=32
[16:21:29.754] #0159 T001 [CBM] ReconnectOrphanAdjacentSegments done reconnected=32
[16:21:29.762] #0160 T001 [CBM] transaction committed
[16:22:05.706] #0161 T001 [TryRouteMainPipeForZone] MainPipeRouting2d.TryRoute attempt strategy=center_l
[16:22:05.710] #0162 T001 [TryRoute] GetRingForPlanarClipping
[16:22:05.712] #0163 T001 [TryRoute] extent=97 duPerMeter=1 spacingDu=3 offsetDu=2
[16:22:05.712] #0164 T001 [TryRoute] sprinklersOverride count=1300
[16:22:05.715] #0165 T001 [TryRoute] strategy=sprinkler_driven initial horiz=True
[16:22:05.716] #0166 T001 [TryRoute] TryPickBestTrunkSegment start horizontal=True
[16:22:05.725] #0167 T001 [TryRoute] Orthogonal covering trunk unavailable — fallback to best-effort sprinkler-driven trunk.
[16:22:05.727] #0168 T001 [TryPickBestTrunkSegment] scanlines=31 sprinklers=1300
[16:22:05.729] #0169 T001 [TryPickBestTrunkSegment] scanlines=49 sprinklers=1300
[16:22:05.732] #0170 T001 [TryPickSprinklerDrivenTrunk] H=42747.8 V=69454.2 pick=H
[16:22:05.732] #0171 T001 [TryRoute] Trunk span does not cover all sprinklers — routing anyway.
[16:22:05.733] #0172 T001 [TryRoute] TryPickBestTrunkSegment done
[16:22:05.734] #0173 T001 [TryRoute] TryOrthogonalConnectInside start
[16:22:05.735] #0174 T001 [TryRoute] TryOrthogonalConnectInside done
[16:22:05.736] #0175 T001 [TryRouteMainPipeForZone] TryRoute succeeded (center_l), drawing entities
[16:22:05.748] #0176 T001 [TryRouteMainPipeForZone] entities committed, done

══════════════════════════════════════════════════════
SESSION START  2026-05-28 16:35:09.157  pid=36232
══════════════════════════════════════════════════════
[16:35:09.158] #0001 T001 [CBM] ConnectBranchesManually entered
[16:35:13.606] #0002 T001 [CBM] selection OK count=4 — opening transaction
[16:35:13.625] #0003 T001 [CBM] mains=1 branches=0 feeds=1
[16:35:13.662] #0004 T001 [CBM] work resolved count=4 zones=1
[16:35:13.663] #0005 T001 [CBM] EraseExistingBranchConnections start
[16:35:13.688] #0006 T001 [CBM] EraseExistingBranchConnections done erased=6 orphaned=4
[16:35:13.695] #0007 T001 [CBM] main draw loop start groups=2
[16:35:13.696] #0008 T001 [CBM] bucket #1 size=2
[16:35:13.697] #0009 T001 [CBM] bucket #1 multi-head path start
[16:35:13.700] #0010 T001 [CBM] bucket #1 hop-routing start hopCount=2
[16:35:14.575] #0011 T001 [CBM]   hop 1 TrySelectBestValidatedOrthogonalPath start
[16:35:14.585] #0012 T001 [CBM]   hop 1 route OK verts=2
[16:35:14.586] #0013 T001 [CBM]   hop 2 TrySelectBestValidatedOrthogonalPath start
[16:35:14.586] #0014 T001 [CBM]   hop 2 route OK verts=2
[16:35:14.587] #0015 T001 [CBM] bucket #1 hop-routing done failed=False legs=2
[16:35:14.588] #0016 T001 [CBM] bucket #1 CollapseOrthogonalVertices
[16:35:14.588] #0017 T001 [CBM] bucket #1 ExistingBranchPolylineMatchesResolvedRoute start
[16:35:14.596] #0018 T001 [CBM] bucket #1 ExistingBranchPolylineMatchesResolvedRoute done isDup=False
[16:35:14.596] #0019 T001 [CBM] bucket #1 TryAppendSegmentPairsAlongPath start legs=2
[16:35:14.612] #0020 T001 [CBM] bucket #1 TryAppendSegmentPairsAlongPath done segs=2
[16:35:14.613] #0021 T001 [CBM] bucket #1 complete created=2
[16:35:14.613] #0022 T001 [CBM] bucket #2 size=2
[16:35:14.614] #0023 T001 [CBM] bucket #2 multi-head path start
[16:35:14.615] #0024 T001 [CBM] bucket #2 hop-routing start hopCount=2
[16:35:14.615] #0025 T001 [CBM]   hop 1 TrySelectBestValidatedOrthogonalPath start
[16:35:14.616] #0026 T001 [CBM]   hop 1 route OK verts=2
[16:35:14.616] #0027 T001 [CBM]   hop 2 TrySelectBestValidatedOrthogonalPath start
[16:35:14.617] #0028 T001 [CBM]   hop 2 route OK verts=2
[16:35:14.617] #0029 T001 [CBM] bucket #2 hop-routing done failed=False legs=2
[16:35:14.618] #0030 T001 [CBM] bucket #2 CollapseOrthogonalVertices
[16:35:14.618] #0031 T001 [CBM] bucket #2 ExistingBranchPolylineMatchesResolvedRoute start
[16:35:14.623] #0032 T001 [CBM] bucket #2 ExistingBranchPolylineMatchesResolvedRoute done isDup=False
[16:35:14.623] #0033 T001 [CBM] bucket #2 TryAppendSegmentPairsAlongPath start legs=2
[16:35:14.646] #0034 T001 [CBM] bucket #2 TryAppendSegmentPairsAlongPath done segs=2
[16:35:14.647] #0035 T001 [CBM] bucket #2 complete created=4
[16:35:14.647] #0036 T001 [CBM] main draw done created=4 — entering ReconnectOrphanAdjacentSegments
[16:35:14.651] #0037 T001 [Reconnect] enter manualWork=4
[16:35:14.655] #0038 T001 [Reconnect] processing zone=4EDCA chainAlongX=False bucket=2688263
[16:35:14.669] #0039 T001 [Reconnect] CollectSprinklersOnManualLine start
[16:35:14.674] #0040 T001 [CollectLine] total=1300 rejZoneRing=1039 rejBucket=243 rejZoneHex=0 accepted=18 lineBucket=2688263 bucket=0.3
[16:35:14.677] #0041 T001 [Reconnect] CollectSprinklersOnManualLine done rowHeads=18
[16:35:14.677] #0042 T001 [Reconnect] processing zone=4EDCA chainAlongX=False bucket=2688253
[16:35:14.683] #0043 T001 [Reconnect] CollectSprinklersOnManualLine start
[16:35:14.686] #0044 T001 [CollectLine] total=1300 rejZoneRing=1039 rejBucket=243 rejZoneHex=0 accepted=18 lineBucket=2688253 bucket=0.3
[16:35:14.687] #0045 T001 [Reconnect] CollectSprinklersOnManualLine done rowHeads=18
[16:35:14.688] #0046 T001 [Reconnect] return drawn=0
[16:35:14.689] #0047 T001 [CBM] ReconnectOrphanAdjacentSegments done reconnected=0
[16:35:14.692] #0048 T001 [CBM] transaction committed
[16:35:32.906] #0049 T001 [CBM] ConnectBranchesManually entered
[16:35:38.452] #0050 T001 [CBM] selection OK count=2 — opening transaction
[16:35:38.456] #0051 T001 [CBM] mains=1 branches=0 feeds=1
[16:35:38.466] #0052 T001 [CBM] work resolved count=2 zones=1
[16:35:38.467] #0053 T001 [CBM] EraseExistingBranchConnections start
[16:35:38.477] #0054 T001 [CBM] EraseExistingBranchConnections done erased=2 orphaned=2
[16:35:38.482] #0055 T001 [CBM] main draw loop start groups=2
[16:35:38.483] #0056 T001 [CBM] bucket #1 size=1
[16:35:38.483] #0057 T001 [CBM] bucket #1 single-head TryDrawSingleHead start
[16:35:38.494] #0058 T001 [CBM] bucket #1 single-head done
[16:35:38.494] #0059 T001 [CBM] bucket #2 size=1
[16:35:38.495] #0060 T001 [CBM] bucket #2 single-head TryDrawSingleHead start
[16:35:38.501] #0061 T001 [CBM] bucket #2 single-head done
[16:35:38.502] #0062 T001 [CBM] main draw done created=2 — entering ReconnectOrphanAdjacentSegments
[16:35:38.502] #0063 T001 [Reconnect] enter manualWork=2
[16:35:38.502] #0064 T001 [Reconnect] processing zone=4EDCA chainAlongX=True bucket=1842503
[16:35:38.509] #0065 T001 [Reconnect] CollectSprinklersOnManualLine start
[16:35:38.511] #0066 T001 [CollectLine] total=1300 rejZoneRing=1039 rejBucket=249 rejZoneHex=0 accepted=12 lineBucket=1842503 bucket=0.3
[16:35:38.512] #0067 T001 [Reconnect] CollectSprinklersOnManualLine done rowHeads=12
[16:35:38.522] #0068 T001 [Reconnect] line done drew=1
[16:35:38.522] #0069 T001 [Reconnect] processing zone=4EDCA chainAlongX=True bucket=1842493
[16:35:38.529] #0070 T001 [Reconnect] CollectSprinklersOnManualLine start
[16:35:38.531] #0071 T001 [CollectLine] total=1300 rejZoneRing=1039 rejBucket=246 rejZoneHex=0 accepted=15 lineBucket=1842493 bucket=0.3
[16:35:38.531] #0072 T001 [Reconnect] CollectSprinklersOnManualLine done rowHeads=15
[16:35:38.547] #0073 T001 [Reconnect] line done drew=1
[16:35:38.547] #0074 T001 [Reconnect] return drawn=2
[16:35:38.548] #0075 T001 [CBM] ReconnectOrphanAdjacentSegments done reconnected=2
[16:35:38.552] #0076 T001 [CBM] transaction committed
[16:35:56.409] #0077 T001 [CBM] ConnectBranchesManually entered
[16:36:04.033] #0078 T001 [CBM] selection OK count=2 — opening transaction
[16:36:04.037] #0079 T001 [CBM] mains=1 branches=0 feeds=1
[16:36:04.047] #0080 T001 [CBM] work resolved count=2 zones=1
[16:36:04.047] #0081 T001 [CBM] EraseExistingBranchConnections start
[16:36:04.057] #0082 T001 [CBM] EraseExistingBranchConnections done erased=2 orphaned=2
[16:36:04.062] #0083 T001 [CBM] main draw loop start groups=1
[16:36:04.062] #0084 T001 [CBM] bucket #1 size=2
[16:36:04.063] #0085 T001 [CBM] bucket #1 multi-head path start
[16:36:04.063] #0086 T001 [CBM] bucket #1 hop-routing start hopCount=2
[16:36:04.064] #0087 T001 [CBM]   hop 1 TrySelectBestValidatedOrthogonalPath start
[16:36:04.064] #0088 T001 [CBM]   hop 1 route OK verts=2
[16:36:04.065] #0089 T001 [CBM]   hop 2 TrySelectBestValidatedOrthogonalPath start
[16:36:04.065] #0090 T001 [CBM]   hop 2 route OK verts=2
[16:36:04.066] #0091 T001 [CBM] bucket #1 hop-routing done failed=False legs=2
[16:36:04.066] #0092 T001 [CBM] bucket #1 CollapseOrthogonalVertices
[16:36:04.066] #0093 T001 [CBM] bucket #1 ExistingBranchPolylineMatchesResolvedRoute start
[16:36:04.070] #0094 T001 [CBM] bucket #1 ExistingBranchPolylineMatchesResolvedRoute done isDup=False
[16:36:04.070] #0095 T001 [CBM] bucket #1 TryAppendSegmentPairsAlongPath start legs=2
[16:36:04.076] #0096 T001 [CBM] bucket #1 TryAppendSegmentPairsAlongPath done segs=2
[16:36:04.076] #0097 T001 [CBM] bucket #1 complete created=2
[16:36:04.077] #0098 T001 [CBM] main draw done created=2 — entering ReconnectOrphanAdjacentSegments
[16:36:04.077] #0099 T001 [Reconnect] enter manualWork=2
[16:36:04.078] #0100 T001 [Reconnect] processing zone=4EDCA chainAlongX=False bucket=2688243
[16:36:04.083] #0101 T001 [Reconnect] CollectSprinklersOnManualLine start
[16:36:04.086] #0102 T001 [CollectLine] total=1300 rejZoneRing=1039 rejBucket=243 rejZoneHex=0 accepted=18 lineBucket=2688243 bucket=0.3
[16:36:04.086] #0103 T001 [Reconnect] CollectSprinklersOnManualLine done rowHeads=18
[16:36:04.087] #0104 T001 [Reconnect] return drawn=0
[16:36:04.087] #0105 T001 [CBM] ReconnectOrphanAdjacentSegments done reconnected=0
[16:36:04.088] #0106 T001 [CBM] transaction committed
[16:36:30.303] #0107 T001 [TryRouteMainPipeForZone] MainPipeRouting2d.TryRoute attempt strategy=center_l
[16:36:31.764] #0108 T001 [TryRoute] GetRingForPlanarClipping
[16:36:31.765] #0109 T001 [TryRoute] extent=97 duPerMeter=1 spacingDu=3 offsetDu=2
[16:36:31.766] #0110 T001 [TryRoute] sprinklersOverride count=1300
[16:36:31.769] #0111 T001 [TryRoute] strategy=sprinkler_driven initial horiz=True
[16:36:31.769] #0112 T001 [TryRoute] TryPickBestTrunkSegment start horizontal=True
[16:36:31.779] #0113 T001 [TryRoute] Orthogonal covering trunk unavailable — fallback to best-effort sprinkler-driven trunk.
[16:36:31.781] #0114 T001 [TryPickBestTrunkSegment] scanlines=31 sprinklers=1300
[16:36:31.783] #0115 T001 [TryPickBestTrunkSegment] scanlines=49 sprinklers=1300
[16:36:31.785] #0116 T001 [TryPickSprinklerDrivenTrunk] H=42747.8 V=69454.2 pick=H
[16:36:31.785] #0117 T001 [TryRoute] Trunk span does not cover all sprinklers — routing anyway.
[16:36:31.787] #0118 T001 [TryRoute] TryPickBestTrunkSegment done
[16:36:31.788] #0119 T001 [TryRoute] TryOrthogonalConnectInside start
[16:36:31.789] #0120 T001 [TryRoute] TryOrthogonalConnectInside done
[16:36:31.790] #0121 T001 [TryRouteMainPipeForZone] TryRoute succeeded (center_l), drawing entities
[16:36:31.802] #0122 T001 [TryRouteMainPipeForZone] entities committed, done

══════════════════════════════════════════════════════
SESSION START  2026-05-28 16:43:58.797  pid=24068
══════════════════════════════════════════════════════
[16:43:58.798] #0001 T001 [TryRouteMainPipeForZone] MainPipeRouting2d.TryRoute attempt strategy=center_l
[16:43:58.802] #0002 T001 [TryRoute] GetRingForPlanarClipping
[16:43:58.804] #0003 T001 [TryRoute] extent=97 duPerMeter=1 spacingDu=3 offsetDu=2
[16:43:58.805] #0004 T001 [TryRoute] sprinklersOverride count=1300
[16:43:58.808] #0005 T001 [TryRoute] strategy=sprinkler_driven initial horiz=True
[16:43:58.808] #0006 T001 [TryRoute] TryPickBestTrunkSegment start horizontal=True
[16:43:58.817] #0007 T001 [TryRoute] Orthogonal covering trunk unavailable — fallback to best-effort sprinkler-driven trunk.
[16:43:58.819] #0008 T001 [TryPickBestTrunkSegment] scanlines=31 sprinklers=1300
[16:43:58.821] #0009 T001 [TryPickBestTrunkSegment] scanlines=49 sprinklers=1300
[16:43:58.823] #0010 T001 [TryPickSprinklerDrivenTrunk] H=42747.8 V=69454.2 pick=H
[16:43:58.824] #0011 T001 [TryRoute] Trunk span does not cover all sprinklers — routing anyway.
[16:43:58.825] #0012 T001 [TryRoute] TryPickBestTrunkSegment done
[16:43:58.826] #0013 T001 [TryRoute] TryOrthogonalConnectInside start
[16:43:58.827] #0014 T001 [TryRoute] TryOrthogonalConnectInside done
[16:43:58.828] #0015 T001 [TryRouteMainPipeForZone] TryRoute succeeded (center_l), drawing entities
[16:43:58.850] #0016 T001 [TryRouteMainPipeForZone] entities committed, done

══════════════════════════════════════════════════════
SESSION START  2026-05-28 17:20:05.348  pid=35208
══════════════════════════════════════════════════════
[17:20:05.349] #0001 T001 [CBM] ConnectBranchesManually entered
[17:20:12.535] #0002 T001 [CBM] selection OK count=4 — opening transaction
[17:20:12.551] #0003 T001 [CBM] mains=1 branches=0 feeds=1
[17:20:12.588] #0004 T001 [CBM] work resolved count=4 zones=1
[17:20:12.589] #0005 T001 [CBM] EraseExistingBranchConnections start
[17:20:12.622] #0006 T001 [CBM] EraseExistingBranchConnections done erased=6 orphaned=4
[17:20:12.630] #0007 T001 [CBM] main draw loop start groups=2
[17:20:12.631] #0008 T001 [CBM] bucket #1 size=2
[17:20:12.631] #0009 T001 [CBM] bucket #1 multi-head path start
[17:20:12.635] #0010 T001 [CBM] bucket #1 hop-routing start hopCount=2
[17:20:12.635] #0011 T001 [CBM]   hop 1 TrySelectBestValidatedOrthogonalPath start
[17:20:12.643] #0012 T001 [CBM]   hop 1 route OK verts=2
[17:20:12.643] #0013 T001 [CBM]   hop 2 TrySelectBestValidatedOrthogonalPath start
[17:20:12.644] #0014 T001 [CBM]   hop 2 route OK verts=2
[17:20:12.644] #0015 T001 [CBM] bucket #1 hop-routing done failed=False legs=2
[17:20:12.645] #0016 T001 [CBM] bucket #1 CollapseOrthogonalVertices
[17:20:12.645] #0017 T001 [CBM] bucket #1 ExistingBranchPolylineMatchesResolvedRoute start
[17:20:12.652] #0018 T001 [CBM] bucket #1 ExistingBranchPolylineMatchesResolvedRoute done isDup=False
[17:20:12.653] #0019 T001 [CBM] bucket #1 TryAppendSegmentPairsAlongPath start legs=2
[17:20:12.667] #0020 T001 [CBM] bucket #1 TryAppendSegmentPairsAlongPath done segs=2
[17:20:12.668] #0021 T001 [CBM] bucket #1 complete created=2
[17:20:12.669] #0022 T001 [CBM] bucket #2 size=2
[17:20:12.669] #0023 T001 [CBM] bucket #2 multi-head path start
[17:20:12.669] #0024 T001 [CBM] bucket #2 hop-routing start hopCount=2
[17:20:12.670] #0025 T001 [CBM]   hop 1 TrySelectBestValidatedOrthogonalPath start
[17:20:12.670] #0026 T001 [CBM]   hop 1 route OK verts=2
[17:20:12.671] #0027 T001 [CBM]   hop 2 TrySelectBestValidatedOrthogonalPath start
[17:20:12.671] #0028 T001 [CBM]   hop 2 route OK verts=2
[17:20:12.672] #0029 T001 [CBM] bucket #2 hop-routing done failed=False legs=2
[17:20:12.672] #0030 T001 [CBM] bucket #2 CollapseOrthogonalVertices
[17:20:12.673] #0031 T001 [CBM] bucket #2 ExistingBranchPolylineMatchesResolvedRoute start
[17:20:12.676] #0032 T001 [CBM] bucket #2 ExistingBranchPolylineMatchesResolvedRoute done isDup=False
[17:20:12.677] #0033 T001 [CBM] bucket #2 TryAppendSegmentPairsAlongPath start legs=2
[17:20:12.686] #0034 T001 [CBM] bucket #2 TryAppendSegmentPairsAlongPath done segs=2
[17:20:12.686] #0035 T001 [CBM] bucket #2 complete created=4
[17:20:12.687] #0036 T001 [CBM] main draw done created=4 — entering ReconnectOrphanAdjacentSegments
[17:20:12.690] #0037 T001 [Reconnect] enter manualWork=4
[17:20:12.694] #0038 T001 [Reconnect] processing zone=4EDCA chainAlongX=False bucket=2688263
[17:20:12.710] #0039 T001 [Reconnect] CollectSprinklersOnManualLine start
[17:20:12.715] #0040 T001 [CollectLine] total=1300 rejZoneRing=1039 rejBucket=243 rejZoneHex=0 accepted=18 lineBucket=2688263 bucket=0.3
[17:20:12.718] #0041 T001 [Reconnect] CollectSprinklersOnManualLine done rowHeads=18
[17:20:12.718] #0042 T001 [Reconnect] processing zone=4EDCA chainAlongX=False bucket=2688253
[17:20:12.726] #0043 T001 [Reconnect] CollectSprinklersOnManualLine start
[17:20:12.730] #0044 T001 [CollectLine] total=1300 rejZoneRing=1039 rejBucket=243 rejZoneHex=0 accepted=18 lineBucket=2688253 bucket=0.3
[17:20:12.731] #0045 T001 [Reconnect] CollectSprinklersOnManualLine done rowHeads=18
[17:20:12.732] #0046 T001 [Reconnect] return drawn=0
[17:20:12.732] #0047 T001 [CBM] ReconnectOrphanAdjacentSegments done reconnected=0
[17:20:12.736] #0048 T001 [CBM] transaction committed
[17:20:23.152] #0049 T001 [TryRouteMainPipeForZone] MainPipeRouting2d.TryRoute attempt strategy=center_l
[17:20:23.156] #0050 T001 [TryRoute] GetRingForPlanarClipping
[17:20:23.157] #0051 T001 [TryRoute] extent=97 duPerMeter=1 spacingDu=3 offsetDu=2
[17:20:23.157] #0052 T001 [TryRoute] sprinklersOverride count=1300
[17:20:23.160] #0053 T001 [TryRoute] strategy=sprinkler_driven initial horiz=True
[17:20:23.161] #0054 T001 [TryRoute] TryPickBestTrunkSegment start horizontal=True
[17:20:23.170] #0055 T001 [TryRoute] Orthogonal covering trunk unavailable — fallback to best-effort sprinkler-driven trunk.
[17:20:23.172] #0056 T001 [TryPickBestTrunkSegment] scanlines=31 sprinklers=1300
[17:20:23.174] #0057 T001 [TryPickBestTrunkSegment] scanlines=49 sprinklers=1300
[17:20:23.177] #0058 T001 [TryPickSprinklerDrivenTrunk] H=42747.8 V=69454.2 pick=H
[17:20:23.177] #0059 T001 [TryRoute] Trunk span does not cover all sprinklers — routing anyway.
[17:20:23.178] #0060 T001 [TryRoute] TryPickBestTrunkSegment done
[17:20:23.179] #0061 T001 [TryRoute] TryOrthogonalConnectInside start
[17:20:23.180] #0062 T001 [TryRoute] TryOrthogonalConnectInside done
[17:20:23.182] #0063 T001 [TryRouteMainPipeForZone] TryRoute succeeded (center_l), drawing entities
[17:20:23.193] #0064 T001 [TryRouteMainPipeForZone] entities committed, done

══════════════════════════════════════════════════════
SESSION START  2026-05-28 17:24:30.567  pid=13404
══════════════════════════════════════════════════════
[17:24:30.569] #0001 T001 [TryRouteMainPipeForZone] MainPipeRouting2d.TryRoute attempt strategy=center_l
[17:24:30.573] #0002 T001 [TryRoute] GetRingForPlanarClipping
[17:24:30.575] #0003 T001 [TryRoute] extent=97 duPerMeter=1 spacingDu=3 offsetDu=2
[17:24:30.576] #0004 T001 [TryRoute] sprinklersOverride count=1300
[17:24:30.579] #0005 T001 [TryRoute] strategy=sprinkler_driven initial horiz=True
[17:24:30.579] #0006 T001 [TryRoute] TryPickBestTrunkSegment start horizontal=True
[17:24:30.589] #0007 T001 [TryRoute] Orthogonal covering trunk unavailable — fallback to best-effort sprinkler-driven trunk.
[17:24:30.591] #0008 T001 [TryPickBestTrunkSegment] scanlines=31 sprinklers=1300
[17:24:30.594] #0009 T001 [TryPickBestTrunkSegment] scanlines=49 sprinklers=1300
[17:24:30.596] #0010 T001 [TryPickSprinklerDrivenTrunk] H=42747.8 V=69454.2 pick=H
[17:24:30.596] #0011 T001 [TryRoute] Trunk span does not cover all sprinklers — routing anyway.
[17:24:30.597] #0012 T001 [TryRoute] TryPickBestTrunkSegment done
[17:24:30.598] #0013 T001 [TryRoute] TryOrthogonalConnectInside start
[17:24:30.600] #0014 T001 [TryRoute] TryOrthogonalConnectInside done
[17:24:30.601] #0015 T001 [TryRouteMainPipeForZone] TryRoute succeeded (center_l), drawing entities
[17:24:30.624] #0016 T001 [TryRouteMainPipeForZone] entities committed, done
